// Jest Snapshot v1, https://goo.gl/fbAQLP

exports[`TextAreaComponent Component Check should render correctly 1`] = `
ShallowWrapper {
  Symbol(enzyme.__root__): [Circular],
  Symbol(enzyme.__unrendered__): <TextAreaComponent
    ariaId=""
    name="message"
  />,
  Symbol(enzyme.__renderer__): Object {
    "batchedUpdates": [Function],
    "getNode": [Function],
    "render": [Function],
    "simulateEvent": [Function],
    "unmount": [Function],
  },
  Symbol(enzyme.__node__): Object {
    "instance": null,
    "key": undefined,
    "nodeType": "host",
    "props": Object {
      "aria-describedby": "",
      "aria-labelledby": "undefined",
      "className": "c-field__input c-field__input--txtarea",
      "cols": "20",
      "disabled": undefined,
      "id": "message",
      "maxLength": "infinity",
      "name": "message",
      "onChange": [Function],
      "onPaste": undefined,
      "rows": "10",
      "value": undefined,
    },
    "ref": [Function],
    "rendered": null,
    "type": "textarea",
  },
  Symbol(enzyme.__nodes__): Array [
    Object {
      "instance": null,
      "key": undefined,
      "nodeType": "host",
      "props": Object {
        "aria-describedby": "",
        "aria-labelledby": "undefined",
        "className": "c-field__input c-field__input--txtarea",
        "cols": "20",
        "disabled": undefined,
        "id": "message",
        "maxLength": "infinity",
        "name": "message",
        "onChange": [Function],
        "onPaste": undefined,
        "rows": "10",
        "value": undefined,
      },
      "ref": [Function],
      "rendered": null,
      "type": "textarea",
    },
  ],
  Symbol(enzyme.__options__): Object {
    "adapter": ReactFifteenFourAdapter {
      "options": Object {
        "lifecycles": Object {
          "componentDidUpdate": Object {
            "prevContext": true,
          },
        },
        "supportPrevContextArgumentOfComponentDidUpdate": true,
      },
    },
  },
}
`;
